e:\archiwum y\2d battle simulator\2d battle simulator\2d battle simulator\x64\debug\vc143.pdb
e:\archiwum y\2d battle simulator\2d battle simulator\2d battle simulator\x64\debug\vc143.idb
e:\archiwum y\2d battle simulator\2d battle simulator\2d battle simulator\x64\debug\unitvector.obj
e:\archiwum y\2d battle simulator\2d battle simulator\2d battle simulator\x64\debug\unit.obj
e:\archiwum y\2d battle simulator\2d battle simulator\2d battle simulator\x64\debug\slider.obj
e:\archiwum y\2d battle simulator\2d battle simulator\2d battle simulator\x64\debug\hitboxtype.obj
e:\archiwum y\2d battle simulator\2d battle simulator\2d battle simulator\x64\debug\game.obj
e:\archiwum y\2d battle simulator\2d battle simulator\2d battle simulator\x64\debug\button.obj
e:\archiwum y\2d battle simulator\2d battle simulator\2d battle simulator\x64\debug\2d battle simulator.obj
e:\archiwum y\2d battle simulator\2d battle simulator\2d battle simulator\x64\debug\animationsource.obj
e:\archiwum y\2d battle simulator\2d battle simulator\2d battle simulator\x64\debug\animation.obj
e:\archiwum y\2d battle simulator\2d battle simulator\2d battle simulator\x64\debug\endscreen.obj
e:\archiwum y\2d battle simulator\2d battle simulator\2d battle simulator\x64\debug\projectile.obj
e:\archiwum y\2d battle simulator\2d battle simulator\2d battle simulator\x64\debug\archer.obj
e:\archiwum y\2d battle simulator\2d battle simulator\x64\debug\2d battle simulator.exe
e:\archiwum y\2d battle simulator\2d battle simulator\x64\debug\2d battle simulator.pdb
e:\archiwum y\2d battle simulator\2d battle simulator\2d battle simulator\x64\debug\2d battle simulator.res
e:\archiwum y\2d battle simulator\2d battle simulator\2d battle simulator\x64\debug\2d battle simulator.ilk
e:\archiwum y\2d battle simulator\2d battle simulator\2d battle simulator\x64\debug\healthbar.obj
e:\archiwum y\2d battle simulator\2d battle simulator\2d battle simulator\x64\debug\mathfunctions.obj
e:\archiwum y\2d battle simulator\2d battle simulator\2d battle simulator\x64\debug\2d battle simulator.obj.enc
e:\archiwum y\2d battle simulator\2d battle simulator\2d battle simulator\x64\debug\game.obj.enc
e:\archiwum y\2d battle simulator\2d battle simulator\2d battle simulator\x64\debug\unit.obj.enc
e:\archiwum y\2d battle simulator\2d battle simulator\2d battle simulator\x64\debug\2d battl.b5ac4898.tlog\cl.command.1.tlog
e:\archiwum y\2d battle simulator\2d battle simulator\2d battle simulator\x64\debug\2d battl.b5ac4898.tlog\cl.items.tlog
e:\archiwum y\2d battle simulator\2d battle simulator\2d battle simulator\x64\debug\2d battl.b5ac4898.tlog\cl.read.1.tlog
e:\archiwum y\2d battle simulator\2d battle simulator\2d battle simulator\x64\debug\2d battl.b5ac4898.tlog\cl.write.1.tlog
e:\archiwum y\2d battle simulator\2d battle simulator\2d battle simulator\x64\debug\2d battl.b5ac4898.tlog\link.command.1.tlog
e:\archiwum y\2d battle simulator\2d battle simulator\2d battle simulator\x64\debug\2d battl.b5ac4898.tlog\link.read.1.tlog
e:\archiwum y\2d battle simulator\2d battle simulator\2d battle simulator\x64\debug\2d battl.b5ac4898.tlog\link.secondary.1.tlog
e:\archiwum y\2d battle simulator\2d battle simulator\2d battle simulator\x64\debug\2d battl.b5ac4898.tlog\link.write.1.tlog
e:\archiwum y\2d battle simulator\2d battle simulator\2d battle simulator\x64\debug\2d battl.b5ac4898.tlog\rc.command.1.tlog
e:\archiwum y\2d battle simulator\2d battle simulator\2d battle simulator\x64\debug\2d battl.b5ac4898.tlog\rc.read.1.tlog
e:\archiwum y\2d battle simulator\2d battle simulator\2d battle simulator\x64\debug\2d battl.b5ac4898.tlog\rc.write.1.tlog
